2026-08-11 13:36:45.212: [INFO] BookmarksSnapshot Shutdown total=0 bar=0 other=0 mobile=0 showBar=0 showBarNTP=1
2026-08-11 13:39:10.342: [INFO] CurrentProfilePath: C:\Users\ADMIN\OneDrive - Chrome Partners\Desktop\WORKING FOLDER\tito\news\news\bin\Debug\net10.0-windows10.0.19041.0\win-x64\news.exe.WebView2\EBWebView\Default
2026-08-11 13:39:10.342: [INFO] Profiles total count: 1
2026-08-11 13:39:10.342: [INFO] Profile: name=Profile 1 path=C:\Users\ADMIN\OneDrive - Chrome Partners\Desktop\WORKING FOLDER\tito\news\news\bin\Debug\net10.0-windows10.0.19041.0\win-x64\news.exe.WebView2\EBWebView\Default lastActive=2026-08-11T13:31:42.252Z
2026-08-11 13:39:10.342: [INFO] LastUsedProfileDir: C:\Users\ADMIN\OneDrive - Chrome Partners\Desktop\WORKING FOLDER\tito\news\news\bin\Debug\net10.0-windows10.0.19041.0\win-x64\news.exe.WebView2\EBWebView\Default
2026-08-11 13:39:10.342: [INFO] MostRecentlyActiveProfile: name=Profile 1 path=C:\Users\ADMIN\OneDrive - Chrome Partners\Desktop\WORKING FOLDER\tito\news\news\bin\Debug\net10.0-windows10.0.19041.0\win-x64\news.exe.WebView2\EBWebView\Default lastActive=2026-08-11T13:31:42.252Z
2026-08-11 13:39:10.342: [INFO] OnDoneLoading sync enabled: 0
2026-08-11 13:39:10.342: [INFO] BookmarkModelLoaded, ids_reassigned: 0
2026-08-11 13:39:10.342: [INFO] BookmarksLoadDropped droppedNodes=0
2026-08-11 13:39:10.342: [INFO] BookmarksSnapshot Startup total=0 bar=0 other=0 mobile=0 showBar=0 showBarNTP=1
2026-08-13 13:22:40.907: [INFO] CurrentProfilePath: C:\Users\ADMIN\OneDrive - Chrome Partners\Desktop\WORKING FOLDER\tito\news\news\bin\Debug\net10.0-windows10.0.19041.0\win-x64\news.exe.WebView2\EBWebView\Default
2026-08-13 13:22:40.907: [INFO] Profiles total count: 1
2026-08-13 13:22:40.908: [INFO] Profile: name=Profile 1 path=C:\Users\ADMIN\OneDrive - Chrome Partners\Desktop\WORKING FOLDER\tito\news\news\bin\Debug\net10.0-windows10.0.19041.0\win-x64\news.exe.WebView2\EBWebView\Default lastActive=2026-08-11T13:39:38.031Z
2026-08-13 13:22:40.908: [INFO] LastUsedProfileDir: C:\Users\ADMIN\OneDrive - Chrome Partners\Desktop\WORKING FOLDER\tito\news\news\bin\Debug\net10.0-windows10.0.19041.0\win-x64\news.exe.WebView2\EBWebView\Default
2026-08-13 13:22:40.908: [INFO] MostRecentlyActiveProfile: name=Profile 1 path=C:\Users\ADMIN\OneDrive - Chrome Partners\Desktop\WORKING FOLDER\tito\news\news\bin\Debug\net10.0-windows10.0.19041.0\win-x64\news.exe.WebView2\EBWebView\Default lastActive=2026-08-11T13:39:38.031Z
2026-08-13 13:22:40.908: [INFO] OnDoneLoading sync enabled: 0
2026-08-13 13:22:40.908: [INFO] BookmarkModelLoaded, ids_reassigned: 0
2026-08-13 13:22:40.908: [INFO] BookmarksLoadDropped droppedNodes=0
2026-08-13 13:22:40.908: [INFO] BookmarksSnapshot Startup total=0 bar=0 other=0 mobile=0 showBar=0 showBarNTP=1
2026-08-13 13:43:50.781: [INFO] CurrentProfilePath: C:\Users\ADMIN\OneDrive - Chrome Partners\Desktop\WORKING FOLDER\tito\news\news\bin\Debug\net10.0-windows10.0.19041.0\win-x64\news.exe.WebView2\EBWebView\Default
2026-08-13 13:43:50.781: [INFO] Profiles total count: 1
2026-08-13 13:43:50.782: [INFO] Profile: name=Profile 1 path=C:\Users\ADMIN\OneDrive - Chrome Partners\Desktop\WORKING FOLDER\tito\news\news\bin\Debug\net10.0-windows10.0.19041.0\win-x64\news.exe.WebView2\EBWebView\Default lastActive=2026-08-13T13:32:24.119Z
2026-08-13 13:43:50.782: [INFO] LastUsedProfileDir: C:\Users\ADMIN\OneDrive - Chrome Partners\Desktop\WORKING FOLDER\tito\news\news\bin\Debug\net10.0-windows10.0.19041.0\win-x64\news.exe.WebView2\EBWebView\Default
2026-08-13 13:43:50.782: [INFO] MostRecentlyActiveProfile: name=Profile 1 path=C:\Users\ADMIN\OneDrive - Chrome Partners\Desktop\WORKING FOLDER\tito\news\news\bin\Debug\net10.0-windows10.0.19041.0\win-x64\news.exe.WebView2\EBWebView\Default lastActive=2026-08-13T13:32:24.119Z
2026-08-13 13:43:50.782: [INFO] OnDoneLoading sync enabled: 0
2026-08-13 13:43:50.782: [INFO] BookmarkModelLoaded, ids_reassigned: 0
2026-08-13 13:43:50.782: [INFO] BookmarksLoadDropped droppedNodes=0
2026-08-13 13:43:50.782: [INFO] BookmarksSnapshot Startup total=0 bar=0 other=0 mobile=0 showBar=0 showBarNTP=1
